MODEL total                        = 10942
MODEL suspect_bars = 0  (what train_pipeline/backtest/pattern_analysis get) = 10224
MODEL suspect_bars IS NULL (silently dropped by `= 0`) = 711
MODEL suspect_bars > 0 (the rows the filter MEANT to drop) = 7

== MODEL suspect_bars IS NULL: date span of entry_ts
    {'first_entry': '2026-07-25 22:35:27', 'last_entry': '2026-07-28 10:21:23', 'n': 711}

== MODEL suspect_bars=0: date span of entry_ts
    {'first_entry': '2026-07-28 10:31:01', 'last_entry': '2026-08-20 22:13:28', 'n': 10224}

== split x suspect_bars NULL (does the drop skew the split?)
    {'split': 'test', 'dropped': 128, 'total': 2047}
    {'split': 'train', 'dropped': 538, 'total': 8030}
    {'split': 'val', 'dropped': 45, 'total': 865}

blocked matured windows total = 1997

== blocked windows: is the token still ACTIVE in watchlist? (active=1 => may still resolve)
    {'active': -1, 'n': 51}
    {'active': 0, 'n': 1943}
    {'active': 1, 'n': 3}

== blocked windows: watch_until already in the past? (past => fetching has stopped)
    {'b': 'watch_until PAST', 'n': 1997}

== blocked windows: bars_fetch_state last_status x attempts
    {'st': 'ok', 'att': '>=3', 'n': 1946}
    {'st': 'NO_ROW', 'att': 'n/a', 'n': 51}

== blocked windows: do 5m bars exist covering >=90% of the 48h window?
    {'b': 'bars cover >=90%', 'n': 175}
    {'b': 'bars cover 50-90%', 'n': 145}
    {'b': 'bars cover <50%', 'n': 75}
    {'b': 'no bars at all', 'n': 5}

== outcomes status='no_entry' by kind (label never produced; build skips them)
    {'kind': 'activity', 'n': 4}
    {'kind': 'signal', 'n': 1554}
    {'kind': 'watch', 'n': 10}

signal outcomes total = 102203

== no_entry signals: live & independent (would-be model rows lost)
    {'n': 924}

== no_entry signals by network
    {'net': '1399811149', 'n': 577}
    {'net': '56', 'n': 451}
    {'net': '4663', 'n': 325}
    {'net': '8453', 'n': 200}
    {'net': '143', 'n': 1}
